
 ets Jan  8 2013,rst cause:2, boot mode:(3,7)

load 0x40100000, len 7144, room 16
tail 8
chksum 0x80
load 0x3ffe8408, len 24, room 0
tail 8
chksum 0x09
load 0x3ffe8420, len 3336, room 0
tail 8
chksum 0x18
I (46) boot: ESP-IDF v3.4-dev-363-gdda5062c-dirty 2nd stage bootloader
I (46) boot: compile time 13:00:05
I (47) qio_mode: Enabling default flash chip QIO
I (55) boot: SPI Speed      : 40MHz
I (62) boot: SPI Mode       : QIO
I (68) boot: SPI Flash Size : 2MB
I (74) boot: Partition Table:
I (79) boot: ## Label            Usage          Type ST Offset   Length
I (91) boot:  0 nvs              WiFi data        01 02 00009000 00006000
I (102) boot:  1 phy_init         RF data          01 01 0000f000 00001000
I (114) boot:  2 factory          factory app      00 00 00010000 000f0000
I (125) boot: End of partition table
I (132) esp_image: segment 0: paddr=0x00010010 vaddr=0x40210010 size=0x14a28 ( 8                                                                             4520) map
I (173) esp_image: segment 1: paddr=0x00024a40 vaddr=0x40224a38 size=0x05694 ( 2                                                                             2164) map
I (182) esp_image: segment 2: paddr=0x0002a0dc vaddr=0x3ffe8000 size=0x003dc (                                                                                988) load
I (185) esp_image: segment 3: paddr=0x0002a4c0 vaddr=0x40100000 size=0x00080 (                                                                                128) load
I (199) esp_image: segment 4: paddr=0x0002a548 vaddr=0x40100080 size=0x044bc ( 1                                                                             7596) load
I (217) boot: Loaded app from partition at offset 0x10000
I (236) gpio: GPIO[2]| InputEn: 0| OutputEn: 1| OpenDrain: 0| Pullup: 0| Pulldow                                                                             n: 0| Intr:0
LED on
LED off
LED off
LED off
LED off
LED off
LED off
LED off
LED off
LED off
LED off
LED off
LED off
LED off
LED off
LED off
LED off
LED off
LED off
LED off
LED off
